map length (tiers :: [[ [()]->[()] ]])  =  [2,3,7,13,...]

length (list :: [ [()]->[()] ])  =  Infinity

allUnique (list :: [ [()]->[()] ])  =  False

ratioRepetitions (list :: [ [()]->[()] ])  =  14 % 25

tiers :: [[()]->[()]]  =
  [ [ \x -> case x of
              [] -> []
              [()] -> []
              [(),()] -> []
              [(),(),()] -> []
              [(),(),(),()] -> []
              [(),(),(),(),()] -> []
              [(),(),(),(),(),()] -> []
              [(),(),(),(),(),(),()] -> []
              ...
    , \x -> case x of
              [] -> []
              [()] -> []
              [(),()] -> []
              [(),(),()] -> []
              [(),(),(),()] -> []
              [(),(),(),(),()] -> []
              [(),(),(),(),(),()] -> []
              [(),(),(),(),(),(),()] -> []
              ...
    ]
  , [ \x -> case x of
              [] -> [()]
              [()] -> [()]
              [(),()] -> [()]
              [(),(),()] -> [()]
              [(),(),(),()] -> [()]
              [(),(),(),(),()] -> [()]
              [(),(),(),(),(),()] -> [()]
              [(),(),(),(),(),(),()] -> [()]
              ...
    , \x -> case x of
              [] -> [()]
              [()] -> [()]
              [(),()] -> [()]
              [(),(),()] -> [()]
              [(),(),(),()] -> [()]
              [(),(),(),(),()] -> [()]
              [(),(),(),(),(),()] -> [()]
              [(),(),(),(),(),(),()] -> [()]
              ...
    , \x -> case x of
              [] -> []
              [()] -> []
              [(),()] -> []
              [(),(),()] -> []
              [(),(),(),()] -> []
              [(),(),(),(),()] -> []
              [(),(),(),(),(),()] -> []
              [(),(),(),(),(),(),()] -> []
              ...
    ]
  , [ \x -> case x of
              [] -> [()]
              [()] -> []
              [(),()] -> []
              [(),(),()] -> []
              [(),(),(),()] -> []
              [(),(),(),(),()] -> []
              [(),(),(),(),(),()] -> []
              [(),(),(),(),(),(),()] -> []
              ...
    , \x -> case x of
              [] -> []
              [()] -> [()]
              [(),()] -> [()]
              [(),(),()] -> [()]
              [(),(),(),()] -> [()]
              [(),(),(),(),()] -> [()]
              [(),(),(),(),(),()] -> [()]
              [(),(),(),(),(),(),()] -> [()]
              ...
    , \x -> case x of
              [] -> [(),()]
              [()] -> [(),()]
              [(),()] -> [(),()]
              [(),(),()] -> [(),()]
              [(),(),(),()] -> [(),()]
              [(),(),(),(),()] -> [(),()]
              [(),(),(),(),(),()] -> [(),()]
              [(),(),(),(),(),(),()] -> [(),()]
              ...
    , \x -> case x of
              [] -> [(),()]
              [()] -> [(),()]
              [(),()] -> [(),()]
              [(),(),()] -> [(),()]
              [(),(),(),()] -> [(),()]
              [(),(),(),(),()] -> [(),()]
              [(),(),(),(),(),()] -> [(),()]
              [(),(),(),(),(),(),()] -> [(),()]
              ...
    , \x -> case x of
              [] -> []
              [()] -> [()]
              [(),()] -> [()]
              [(),(),()] -> [()]
              [(),(),(),()] -> [()]
              [(),(),(),(),()] -> [()]
              [(),(),(),(),(),()] -> [()]
              [(),(),(),(),(),(),()] -> [()]
              ...
    , \x -> case x of
              [] -> []
              [()] -> []
              [(),()] -> []
              [(),(),()] -> []
              [(),(),(),()] -> []
              [(),(),(),(),()] -> []
              [(),(),(),(),(),()] -> []
              [(),(),(),(),(),(),()] -> []
              ...
    , \x -> case x of
              [] -> [()]
              [()] -> []
              [(),()] -> []
              [(),(),()] -> []
              [(),(),(),()] -> []
              [(),(),(),(),()] -> []
              [(),(),(),(),(),()] -> []
              [(),(),(),(),(),(),()] -> []
              ...
    ]
  , [ \x -> case x of
              [] -> [(),()]
              [()] -> []
              [(),()] -> []
              [(),(),()] -> []
              [(),(),(),()] -> []
              [(),(),(),(),()] -> []
              [(),(),(),(),(),()] -> []
              [(),(),(),(),(),(),()] -> []
              ...
    , \x -> case x of
              [] -> []
              [()] -> [()]
              [(),()] -> []
              [(),(),()] -> []
              [(),(),(),()] -> []
              [(),(),(),(),()] -> []
              [(),(),(),(),(),()] -> []
              [(),(),(),(),(),(),()] -> []
              ...
    , \x -> case x of
              [] -> [()]
              [()] -> []
              [(),()] -> [()]
              [(),(),()] -> [()]
              [(),(),(),()] -> [()]
              [(),(),(),(),()] -> [()]
              [(),(),(),(),(),()] -> [()]
              [(),(),(),(),(),(),()] -> [()]
              ...
    , \x -> case x of
              [] -> []
              [()] -> [(),()]
              [(),()] -> [(),()]
              [(),(),()] -> [(),()]
              [(),(),(),()] -> [(),()]
              [(),(),(),(),()] -> [(),()]
              [(),(),(),(),(),()] -> [(),()]
              [(),(),(),(),(),(),()] -> [(),()]
              ...
    , \x -> case x of
              [] -> [(),(),()]
              [()] -> [(),(),()]
              [(),()] -> [(),(),()]
              [(),(),()] -> [(),(),()]
              [(),(),(),()] -> [(),(),()]
              [(),(),(),(),()] -> [(),(),()]
              [(),(),(),(),(),()] -> [(),(),()]
              [(),(),(),(),(),(),()] -> [(),(),()]
              ...
    , \x -> case x of
              [] -> [(),(),()]
              [()] -> [(),(),()]
              [(),()] -> [(),(),()]
              [(),(),()] -> [(),(),()]
              [(),(),(),()] -> [(),(),()]
              [(),(),(),(),()] -> [(),(),()]
              [(),(),(),(),(),()] -> [(),(),()]
              [(),(),(),(),(),(),()] -> [(),(),()]
              ...
    , \x -> case x of
              [] -> []
              [()] -> [(),()]
              [(),()] -> [(),()]
              [(),(),()] -> [(),()]
              [(),(),(),()] -> [(),()]
              [(),(),(),(),()] -> [(),()]
              [(),(),(),(),(),()] -> [(),()]
              [(),(),(),(),(),(),()] -> [(),()]
              ...
    , \x -> case x of
              [] -> []
              [()] -> []
              [(),()] -> [()]
              [(),(),()] -> [()]
              [(),(),(),()] -> [()]
              [(),(),(),(),()] -> [()]
              [(),(),(),(),(),()] -> [()]
              [(),(),(),(),(),(),()] -> [()]
              ...
    , \x -> case x of
              [] -> []
              [()] -> []
              [(),()] -> []
              [(),(),()] -> []
              [(),(),(),()] -> []
              [(),(),(),(),()] -> []
              [(),(),(),(),(),()] -> []
              [(),(),(),(),(),(),()] -> []
              ...
    , \x -> case x of
              [] -> []
              [()] -> [()]
              [(),()] -> []
              [(),(),()] -> []
              [(),(),(),()] -> []
              [(),(),(),(),()] -> []
              [(),(),(),(),(),()] -> []
              [(),(),(),(),(),(),()] -> []
              ...
    , \x -> case x of
              [] -> [()]
              [()] -> [()]
              [(),()] -> [()]
              [(),(),()] -> [()]
              [(),(),(),()] -> [()]
              [(),(),(),(),()] -> [()]
              [(),(),(),(),(),()] -> [()]
              [(),(),(),(),(),(),()] -> [()]
              ...
    , \x -> case x of
              [] -> [()]
              [()] -> []
              [(),()] -> []
              [(),(),()] -> []
              [(),(),(),()] -> []
              [(),(),(),(),()] -> []
              [(),(),(),(),(),()] -> []
              [(),(),(),(),(),(),()] -> []
              ...
    , \x -> case x of
              [] -> [(),()]
              [()] -> []
              [(),()] -> []
              [(),(),()] -> []
              [(),(),(),()] -> []
              [(),(),(),(),()] -> []
              [(),(),(),(),(),()] -> []
              [(),(),(),(),(),(),()] -> []
              ...
    ]
  , ...
  ]
