map length (tiers :: [[ [Bool]->[Bool] ]])  =  [1,2,4,8,...]

length (list :: [ [Bool]->[Bool] ])  =  Infinity

allUnique (list :: [ [Bool]->[Bool] ])  =  True

ratioRepetitions (list :: [ [Bool]->[Bool] ])  =  0 % 1

tiers :: [[Bool]->[Bool]]  =
  [ [\_ -> []]
  , [ \_ -> [False]
    , \_ -> [True]
    ]
  , [ \_ -> [False,False]
    , \_ -> [False,True]
    , \_ -> [True,False]
    , \_ -> [True,True]
    ]
  , [ \_ -> [False,False,False]
    , \_ -> [False,False,True]
    , \_ -> [False,True,False]
    , \_ -> [False,True,True]
    , \_ -> [True,False,False]
    , \_ -> [True,False,True]
    , \_ -> [True,True,False]
    , \_ -> [True,True,True]
    ]
  , ...
  ]
