map length (tiers :: [[ (Nat,Nat)->Nat ]])  =  [1,3,11,46,...]

length (list :: [ (Nat,Nat)->Nat ])  =  Infinity

allUnique (list :: [ (Nat,Nat)->Nat ])  =  False

ratioRepetitions (list :: [ (Nat,Nat)->Nat ])  =  37 % 61

tiers :: [(Nat,Nat)->Nat]  =
  [ [\_ -> 0]
  , [ \_ -> 1
    , \_ -> 0
    , \_ -> 0
    ]
  , [ \_ -> 2
    , \x -> case x of
            (0,0) -> 0
            (0,1) -> 1
            (1,0) -> 0
            (0,2) -> 0
            (1,1) -> 1
            (2,0) -> 0
            (0,3) -> 1
            (1,2) -> 0
            ...
    , \_ -> 0
    , \x -> case x of
            (0,0) -> 1
            (0,1) -> 0
            (1,0) -> 1
            (0,2) -> 1
            (1,1) -> 0
            (2,0) -> 1
            (0,3) -> 0
            (1,2) -> 1
            ...
    , \_ -> 0
    , \x -> case x of
            (0,0) -> 0
            (0,1) -> 0
            (1,0) -> 1
            (0,2) -> 0
            (1,1) -> 1
            (2,0) -> 0
            (0,3) -> 0
            (1,2) -> 1
            ...
    , \_ -> 0
    , \_ -> 0
    , \x -> case x of
            (0,0) -> 1
            (0,1) -> 1
            (1,0) -> 0
            (0,2) -> 1
            (1,1) -> 0
            (2,0) -> 1
            (0,3) -> 1
            (1,2) -> 0
            ...
    , \_ -> 0
    , \_ -> 0
    ]
  , [ \_ -> 3
    , \x -> case x of
            (0,0) -> 0
            (0,1) -> 2
            (1,0) -> 0
            (0,2) -> 0
            (1,1) -> 2
            (2,0) -> 0
            (0,3) -> 2
            (1,2) -> 0
            ...
    , \x -> case x of
            (0,0) -> 0
            (0,1) -> 0
            (1,0) -> 0
            (0,2) -> 0
            (1,1) -> 0
            (2,0) -> 0
            (0,3) -> 1
            (1,2) -> 0
            ...
    , \_ -> 0
    , \x -> case x of
            (0,0) -> 0
            (0,1) -> 1
            (1,0) -> 0
            (0,2) -> 0
            (1,1) -> 1
            (2,0) -> 0
            (0,3) -> 0
            (1,2) -> 0
            ...
    , \_ -> 0
    , \_ -> 1
    , \x -> case x of
            (0,0) -> 1
            (0,1) -> 0
            (1,0) -> 1
            (0,2) -> 1
            (1,1) -> 0
            (2,0) -> 1
            (0,3) -> 0
            (1,2) -> 1
            ...
    , \x -> case x of
            (0,0) -> 0
            (0,1) -> 1
            (1,0) -> 0
            (0,2) -> 0
            (1,1) -> 1
            (2,0) -> 0
            (0,3) -> 1
            (1,2) -> 0
            ...
    , \_ -> 0
    , \x -> case x of
            (0,0) -> 2
            (0,1) -> 0
            (1,0) -> 2
            (0,2) -> 2
            (1,1) -> 0
            (2,0) -> 2
            (0,3) -> 0
            (1,2) -> 2
            ...
    , \x -> case x of
            (0,0) -> 0
            (0,1) -> 0
            (1,0) -> 0
            (0,2) -> 1
            (1,1) -> 0
            (2,0) -> 0
            (0,3) -> 0
            (1,2) -> 1
            ...
    , \_ -> 0
    , \x -> case x of
            (0,0) -> 1
            (0,1) -> 0
            (1,0) -> 1
            (0,2) -> 0
            (1,1) -> 0
            (2,0) -> 1
            (0,3) -> 0
            (1,2) -> 0
            ...
    , \_ -> 0
    , \x -> case x of
            (0,0) -> 0
            (0,1) -> 0
            (1,0) -> 2
            (0,2) -> 0
            (1,1) -> 2
            (2,0) -> 0
            (0,3) -> 0
            (1,2) -> 2
            ...
    , \x -> case x of
            (0,0) -> 0
            (0,1) -> 0
            (1,0) -> 0
            (0,2) -> 0
            (1,1) -> 1
            (2,0) -> 0
            (0,3) -> 0
            (1,2) -> 0
            ...
    , \_ -> 0
    , \x -> case x of
            (0,0) -> 0
            (0,1) -> 0
            (1,0) -> 1
            (0,2) -> 0
            (1,1) -> 0
            (2,0) -> 0
            (0,3) -> 0
            (1,2) -> 1
            ...
    , \_ -> 0
    , \x -> case x of
            (0,0) -> 0
            (0,1) -> 0
            (1,0) -> 0
            (0,2) -> 0
            (1,1) -> 0
            (2,0) -> 0
            (0,3) -> 0
            (1,2) -> 0
            ...
    , \_ -> 0
    , \_ -> 0
    , \x -> case x of
            (0,0) -> 0
            (0,1) -> 0
            (1,0) -> 1
            (0,2) -> 0
            (1,1) -> 1
            (2,0) -> 0
            (0,3) -> 0
            (1,2) -> 1
            ...
    , \_ -> 0
    , \_ -> 0
    , \_ -> 1
    , \x -> case x of
            (0,0) -> 1
            (0,1) -> 1
            (1,0) -> 0
            (0,2) -> 1
            (1,1) -> 0
            (2,0) -> 1
            (0,3) -> 1
            (1,2) -> 0
            ...
    , \x -> case x of
            (0,0) -> 1
            (0,1) -> 1
            (1,0) -> 0
            (0,2) -> 1
            (1,1) -> 0
            (2,0) -> 1
            (0,3) -> 1
            (1,2) -> 0
            ...
    , \x -> case x of
            (0,0) -> 0
            (0,1) -> 0
            (1,0) -> 1
            (0,2) -> 0
            (1,1) -> 1
            (2,0) -> 0
            (0,3) -> 0
            (1,2) -> 1
            ...
    , \_ -> 0
    , \_ -> 0
    , \x -> case x of
            (0,0) -> 0
            (0,1) -> 0
            (1,0) -> 1
            (0,2) -> 0
            (1,1) -> 1
            (2,0) -> 0
            (0,3) -> 0
            (1,2) -> 1
            ...
    , \_ -> 0
    , \_ -> 0
    , \x -> case x of
            (0,0) -> 2
            (0,1) -> 2
            (1,0) -> 0
            (0,2) -> 2
            (1,1) -> 0
            (2,0) -> 2
            (0,3) -> 2
            (1,2) -> 0
            ...
    , \x -> case x of
            (0,0) -> 0
            (0,1) -> 1
            (1,0) -> 0
            (0,2) -> 0
            (1,1) -> 0
            (2,0) -> 0
            (0,3) -> 1
            (1,2) -> 0
            ...
    , \_ -> 0
    , \x -> case x of
            (0,0) -> 1
            (0,1) -> 0
            (1,0) -> 0
            (0,2) -> 1
            (1,1) -> 0
            (2,0) -> 1
            (0,3) -> 0
            (1,2) -> 0
            ...
    , \_ -> 0
    , \x -> case x of
            (0,0) -> 0
            (0,1) -> 0
            (1,0) -> 0
            (0,2) -> 0
            (1,1) -> 0
            (2,0) -> 1
            (0,3) -> 0
            (1,2) -> 0
            ...
    , \_ -> 0
    , \_ -> 0
    , \x -> case x of
            (0,0) -> 1
            (0,1) -> 1
            (1,0) -> 0
            (0,2) -> 1
            (1,1) -> 0
            (2,0) -> 0
            (0,3) -> 1
            (1,2) -> 0
            ...
    , \_ -> 0
    , \_ -> 0
    ]
  , ...
  ]
