map length (tiers :: [[ Int->Int->Int->Int ]])  =  [1,4,19,...]

length (list :: [ Int->Int->Int->Int ])  =  Infinity

allUnique (list :: [ Int->Int->Int->Int ])  =  False

ratioRepetitions (list :: [ Int->Int->Int->Int ])  =  5 % 8

tiers :: [Int->Int->Int->Int]  =
  [ [\_ _ _ -> 0]
  , [ \_ _ _ -> 1
    , \_ _ _ -> 0
    , \_ _ _ -> 0
    , \_ _ _ -> 0
    ]
  , [ \_ _ _ -> -1
    , \x y z -> case (x,y,z) of
                (_,_,-1) -> 1
                (_,_,-2) -> 1
                (_,_,-3) -> 1
                _ -> 0
    , \_ _ _ -> 0
    , \x y z -> case (x,y,z) of
                (_,_,-1) -> 0
                (_,_,-2) -> 0
                (_,_,-3) -> 0
                _ -> 1
    , \_ _ _ -> 0
    , \x y z -> case (x,y,z) of
                (_,-1,_) -> 1
                (_,-2,_) -> 1
                (_,-3,_) -> 1
                _ -> 0
    , \_ _ _ -> 0
    , \_ _ _ -> 0
    , \x y z -> case (x,y,z) of
                (_,-1,_) -> 0
                (_,-2,_) -> 0
                (_,-3,_) -> 0
                _ -> 1
    , \_ _ _ -> 0
    , \_ _ _ -> 0
    , \x y z -> case (x,y,z) of
                (-1,_,_) -> 1
                (-2,_,_) -> 1
                _ -> 0
    , \_ _ _ -> 0
    , \_ _ _ -> 0
    , \_ _ _ -> 0
    , \x y z -> case (x,y,z) of
                (-1,_,_) -> 0
                (-2,_,_) -> 0
                _ -> 1
    , \_ _ _ -> 0
    , \_ _ _ -> 0
    , \_ _ _ -> 0
    ]
  , ...
  ]
