map length (tiers :: [[ ()->Nat ]])  =  [2,2,2,2,2,2,...]

length (list :: [ ()->Nat ])  =  Infinity

allUnique (list :: [ ()->Nat ])  =  False

ratioRepetitions (list :: [ ()->Nat ])  =  1 % 2

tiers :: [()->Nat]  =
  [ [ \_ -> 0
    , \_ -> 0
    ]
  , [ \_ -> 1
    , \_ -> 1
    ]
  , [ \_ -> 2
    , \_ -> 2
    ]
  , [ \_ -> 3
    , \_ -> 3
    ]
  , [ \_ -> 4
    , \_ -> 4
    ]
  , [ \_ -> 5
    , \_ -> 5
    ]
  , ...
  ]
