map length (tiers :: [[ [Nat]->[Nat] ]])  =  [1,1,4,10,...]

length (list :: [ [Nat]->[Nat] ])  =  Infinity

allUnique (list :: [ [Nat]->[Nat] ])  =  True

ratioRepetitions (list :: [ [Nat]->[Nat] ])  =  0 % 1

tiers :: [[Nat]->[Nat]]  =
  [ [ \x -> case x of
            _ -> []
    ]
  , [ \x -> case x of
            _ -> [0]
    ]
  , [ \x -> case x of
            [] -> [0]
            _ -> []
    , \x -> case x of
            [] -> []
            _ -> [0]
    , \x -> case x of
            _ -> [0,0]
    , \x -> case x of
            _ -> [1]
    ]
  , [ \x -> case x of
            [] -> [0,0]
            _ -> []
    , \x -> case x of
            [] -> [1]
            _ -> []
    , \x -> case x of
            [] -> []
            [0] -> [0]
            _ -> []
    , \x -> case x of
            [] -> [0]
            [0] -> []
            _ -> [0]
    , \x -> case x of
            [] -> []
            _ -> [0,0]
    , \x -> case x of
            [] -> []
            _ -> [1]
    , \x -> case x of
            _ -> [0,0,0]
    , \x -> case x of
            _ -> [0,1]
    , \x -> case x of
            _ -> [1,0]
    , \x -> case x of
            _ -> [2]
    ]
  , ...
  ]
