map length (tiers :: [[ Int->Int->Int->Int ]])  =  [1,1,7,25,...]

length (list :: [ Int->Int->Int->Int ])  =  Infinity

allUnique (list :: [ Int->Int->Int->Int ])  =  True

ratioRepetitions (list :: [ Int->Int->Int->Int ])  =  0 % 1

tiers :: [Int->Int->Int->Int]  =
  [ [\_ _ _ -> 0]
  , [\_ _ _ -> 1]
  , [ \x y z -> case (x,y,z) of (0,_,_) -> 1; _ -> 0
    , \x y z -> case (x,y,z) of (0,_,_) -> 0; _ -> 1
    , \x y z -> case (x,y,z) of (_,0,_) -> 1; _ -> 0
    , \x y z -> case (x,y,z) of (_,0,_) -> 0; _ -> 1
    , \x y z -> case (x,y,z) of (_,_,0) -> 1; _ -> 0
    , \x y z -> case (x,y,z) of (_,_,0) -> 0; _ -> 1
    , \_ _ _ -> -1
    ]
  , [ \x y z -> case (x,y,z) of (0,0,_) -> 1; _ -> 0
    , \x y z -> case (x,y,z) of (_,0,_) -> 0; (0,_,_) -> 1; _ -> 0
    , \x y z -> case (x,y,z) of (0,_,0) -> 1; _ -> 0
    , \x y z -> case (x,y,z) of (_,_,0) -> 0; (0,_,_) -> 1; _ -> 0
    , \x y z -> case (x,y,z) of (0,_,_) -> -1; _ -> 0
    , \x y z -> case (x,y,z) of (1,_,_) -> 1; _ -> 0
    , \x y z -> case (x,y,z) of (1,_,_) -> 0; _ -> 1
    , \x y z -> case (x,y,z) of (0,_,_) -> 0; (_,0,_) -> 1; _ -> 0
    , \x y z -> case (x,y,z) of (0,_,_) -> 0; (_,0,_) -> 0; _ -> 1
    , \x y z -> case (x,y,z) of (0,_,_) -> 0; (_,_,0) -> 1; _ -> 0
    , \x y z -> case (x,y,z) of (0,_,_) -> 0; (_,_,0) -> 0; _ -> 1
    , \x y z -> case (x,y,z) of (0,_,_) -> 0; _ -> -1
    , \x y z -> case (x,y,z) of (_,0,0) -> 1; _ -> 0
    , \x y z -> case (x,y,z) of (_,_,0) -> 0; (_,0,_) -> 1; _ -> 0
    , \x y z -> case (x,y,z) of (_,0,_) -> -1; _ -> 0
    , \x y z -> case (x,y,z) of (_,1,_) -> 1; _ -> 0
    , \x y z -> case (x,y,z) of (_,1,_) -> 0; _ -> 1
    , \x y z -> case (x,y,z) of (_,0,_) -> 0; (_,_,0) -> 1; _ -> 0
    , \x y z -> case (x,y,z) of (_,0,_) -> 0; (_,_,0) -> 0; _ -> 1
    , \x y z -> case (x,y,z) of (_,0,_) -> 0; _ -> -1
    , \x y z -> case (x,y,z) of (_,_,0) -> -1; _ -> 0
    , \x y z -> case (x,y,z) of (_,_,1) -> 1; _ -> 0
    , \x y z -> case (x,y,z) of (_,_,1) -> 0; _ -> 1
    , \x y z -> case (x,y,z) of (_,_,0) -> 0; _ -> -1
    , \_ _ _ -> 2
    ]
  , ...
  ]
