map length (tiers :: [[ Bool->Bool ]])  =  [8]

length (list :: [ Bool->Bool ])  =  8

allUnique (list :: [ Bool->Bool ])  =  False

ratioRepetitions (list :: [ Bool->Bool ])  =  1 % 2

tiers :: [Bool->Bool]  =
  [ [ const False
    , id
    , not
    , const True
    , const False
    , not
    , id
    , const True
    ]
  ]
