map length (tiers :: [[ Maybe Bool->Bool ]])  =  [16]

length (list :: [ Maybe Bool->Bool ])  =  Infinity

allUnique (list :: [ Maybe Bool->Bool ])  =  False

ratioRepetitions (list :: [ Maybe Bool->Bool ])  =  1 % 2

tiers :: [Maybe Bool->Bool]  =
  [ [ \_ -> False
    , \x -> case x of
            Just True -> True
            _ -> False
    , \x -> case x of
            Just False -> True
            _ -> False
    , \x -> case x of
            Nothing -> False
            _ -> True
    , \x -> case x of
            Nothing -> True
            _ -> False
    , \x -> case x of
            Just False -> False
            _ -> True
    , \x -> case x of
            Just True -> False
            _ -> True
    , \_ -> True
    , \_ -> False
    , \x -> case x of
            Just False -> True
            _ -> False
    , \x -> case x of
            Just True -> True
            _ -> False
    , \x -> case x of
            Nothing -> False
            _ -> True
    , \x -> case x of
            Nothing -> True
            _ -> False
    , \x -> case x of
            Just True -> False
            _ -> True
    , \x -> case x of
            Just False -> False
            _ -> True
    , \_ -> True
    ]
  ]
