map length (tiers :: [[ NoDup Nat3 ]])  =  [1,1,1,3,2,2,6]

length (list :: [ NoDup Nat3 ])  =  Infinity

allUnique (list :: [ NoDup Nat3 ])  =  True

ratioRepetitions (list :: [ NoDup Nat3 ])  =  0 % 1

tiers :: [NoDup Nat3]  =
  [ [[]]
  , [[0]]
  , [[1]]
  , [ [0,1]
    , [1,0]
    , [2]
    ]
  , [ [0,2]
    , [2,0]
    ]
  , [ [1,2]
    , [2,1]
    ]
  , [ [0,1,2]
    , [0,2,1]
    , [1,0,2]
    , [1,2,0]
    , [2,0,1]
    , [2,1,0]
    ]
  ]
