map length (tiers :: [[ (Nat,Nat)->Nat ]])  =  [1,1,3,7,...]

length (list :: [ (Nat,Nat)->Nat ])  =  Infinity

allUnique (list :: [ (Nat,Nat)->Nat ])  =  True

ratioRepetitions (list :: [ (Nat,Nat)->Nat ])  =  0 % 1

tiers :: [(Nat,Nat)->Nat]  =
  [ [ \x -> case x of
            _ -> 0
    ]
  , [ \x -> case x of
            _ -> 1
    ]
  , [ \x -> case x of
            (0,0) -> 1
            _ -> 0
    , \x -> case x of
            (0,0) -> 0
            _ -> 1
    , \x -> case x of
            _ -> 2
    ]
  , [ \x -> case x of
            (0,0) -> 2
            _ -> 0
    , \x -> case x of
            (0,0) -> 0
            (0,1) -> 1
            _ -> 0
    , \x -> case x of
            (0,0) -> 0
            (0,1) -> 0
            (1,0) -> 1
            _ -> 0
    , \x -> case x of
            (0,0) -> 1
            (0,1) -> 0
            _ -> 1
    , \x -> case x of
            (0,0) -> 1
            (0,1) -> 1
            (1,0) -> 0
            _ -> 1
    , \x -> case x of
            (0,0) -> 0
            _ -> 2
    , \x -> case x of
            _ -> 3
    ]
  , ...
  ]
