map length (tiers :: [[ Int->Int ]])  =  [1,2,5,15,51,188,...]

length (list :: [ Int->Int ])  =  Infinity

allUnique (list :: [ Int->Int ])  =  False

ratioRepetitions (list :: [ Int->Int ])  =  96 % 131

tiers :: [Int->Int]  =
  [ [\_ -> 0]
  , [ \_ -> 1
    , \_ -> 0
    ]
  , [ \_ -> -1
    , \x -> case x of
            0 -> 0
            1 -> 0
            -1 -> 1
            2 -> 0
            -2 -> 1
            3 -> 0
            -3 -> 1
            4 -> 0
            ...
    , \_ -> 0
    , \x -> case x of
            0 -> 1
            1 -> 1
            -1 -> 0
            2 -> 1
            -2 -> 0
            3 -> 1
            -3 -> 0
            4 -> 1
            ...
    , \_ -> 0
    ]
  , [ \_ -> 2
    , \x -> case x of
            0 -> 0
            1 -> 0
            -1 -> -1
            2 -> 0
            -2 -> -1
            3 -> 0
            -3 -> -1
            4 -> 0
            ...
    , \x -> case x of
            0 -> 0
            1 -> 0
            -1 -> 0
            2 -> 0
            -2 -> 1
            3 -> 0
            -3 -> 1
            4 -> 0
            ...
    , \_ -> 0
    , \x -> case x of
            -1 -> 1
            _ -> 0
    , \_ -> 0
    , \_ -> 1
    , \x -> case x of
            0 -> 1
            1 -> 1
            -1 -> 0
            2 -> 1
            -2 -> 0
            3 -> 1
            -3 -> 0
            4 -> 1
            ...
    , \x -> case x of
            0 -> 0
            1 -> 0
            -1 -> 1
            2 -> 0
            -2 -> 1
            3 -> 0
            -3 -> 1
            4 -> 0
            ...
    , \_ -> 0
    , \x -> case x of
            0 -> -1
            1 -> -1
            -1 -> 0
            2 -> -1
            -2 -> 0
            3 -> -1
            -3 -> 0
            4 -> -1
            ...
    , \x -> case x of
            0 -> 1
            _ -> 0
    , \_ -> 0
    , \x -> case x of
            0 -> 0
            1 -> 1
            -1 -> 0
            2 -> 1
            -2 -> 0
            3 -> 1
            -3 -> 0
            4 -> 1
            ...
    , \_ -> 0
    ]
  , [ \_ -> -2
    , \x -> case x of
            0 -> 0
            1 -> 0
            -1 -> 2
            2 -> 0
            -2 -> 2
            3 -> 0
            -3 -> 2
            4 -> 0
            ...
    , \x -> case x of
            0 -> 0
            1 -> 0
            -1 -> 0
            2 -> 0
            -2 -> -1
            3 -> 0
            -3 -> -1
            4 -> 0
            ...
    , \x -> case x of
            0 -> 0
            1 -> 0
            -1 -> 0
            2 -> 0
            -2 -> 0
            3 -> 0
            -3 -> 1
            4 -> 0
            ...
    , \_ -> 0
    , \x -> case x of
            -2 -> 1
            _ -> 0
    , \_ -> 0
    , \x -> case x of
            0 -> 0
            1 -> 0
            -1 -> 1
            2 -> 0
            -2 -> 1
            3 -> 0
            -3 -> 1
            4 -> 0
            ...
    , \x -> case x of
            -1 -> 1
            _ -> 0
    , \x -> case x of
            0 -> 0
            1 -> 0
            -1 -> 0
            2 -> 0
            -2 -> 1
            3 -> 0
            -3 -> 1
            4 -> 0
            ...
    , \_ -> 0
    , \x -> case x of
            -1 -> -1
            _ -> 0
    , \x -> case x of
            -1 -> 1
            _ -> 0
    , \_ -> 0
    , \_ -> 0
    , \_ -> 0
    , \x -> case x of
            0 -> 1
            1 -> 1
            -1 -> -1
            2 -> 1
            -2 -> -1
            3 -> 1
            -3 -> -1
            4 -> 1
            ...
    , \x -> case x of
            -1 -> 0
            _ -> 1
    , \x -> case x of
            0 -> 1
            1 -> 1
            -1 -> 0
            2 -> 1
            -2 -> 0
            3 -> 1
            -3 -> 0
            4 -> 1
            ...
    , \x -> case x of
            0 -> 1
            1 -> 1
            -1 -> 1
            2 -> 1
            -2 -> 0
            3 -> 1
            -3 -> 0
            4 -> 1
            ...
    , \x -> case x of
            0 -> 1
            1 -> 1
            -1 -> 0
            2 -> 1
            -2 -> 0
            3 -> 1
            -3 -> 0
            4 -> 1
            ...
    , \x -> case x of
            0 -> 0
            1 -> 0
            -1 -> -1
            2 -> 0
            -2 -> -1
            3 -> 0
            -3 -> -1
            4 -> 0
            ...
    , \x -> case x of
            0 -> 0
            1 -> 0
            -1 -> 0
            2 -> 0
            -2 -> 1
            3 -> 0
            -3 -> 1
            4 -> 0
            ...
    , \_ -> 0
    , \x -> case x of
            -1 -> 1
            _ -> 0
    , \_ -> 0
    , \x -> case x of
            0 -> -1
            1 -> -1
            -1 -> 1
            2 -> -1
            -2 -> 1
            3 -> -1
            -3 -> 1
            4 -> -1
            ...
    , \x -> case x of
            0 -> -1
            1 -> -1
            -1 -> 0
            2 -> -1
            -2 -> 0
            3 -> -1
            -3 -> 0
            4 -> -1
            ...
    , \x -> case x of
            0 -> 1
            1 -> 0
            -1 -> 1
            2 -> 0
            -2 -> 1
            3 -> 0
            -3 -> 1
            4 -> 0
            ...
    , \x -> case x of
            0 -> 1
            _ -> 0
    , \x -> case x of
            0 -> 0
            1 -> 0
            -1 -> 1
            2 -> 0
            -2 -> 1
            3 -> 0
            -3 -> 1
            4 -> 0
            ...
    , \_ -> 0
    , \x -> case x of
            0 -> 0
            _ -> 1
    , \x -> case x of
            0 -> 0
            1 -> 1
            -1 -> 0
            2 -> 1
            -2 -> 0
            3 -> 1
            -3 -> 0
            4 -> 1
            ...
    , \x -> case x of
            0 -> 0
            1 -> 0
            -1 -> 1
            2 -> 0
            -2 -> 1
            3 -> 0
            -3 -> 1
            4 -> 0
            ...
    , \_ -> 0
    , \x -> case x of
            0 -> 2
            1 -> 2
            -1 -> 0
            2 -> 2
            -2 -> 0
            3 -> 2
            -3 -> 0
            4 -> 2
            ...
    , \x -> case x of
            0 -> -1
            _ -> 0
    , \_ -> 0
    , \_ -> 0
    , \x -> case x of
            0 -> 1
            _ -> 0
    , \_ -> 0
    , \x -> case x of
            0 -> 1
            1 -> 1
            -1 -> 0
            2 -> 1
            -2 -> 0
            3 -> 1
            -3 -> 0
            4 -> 1
            ...
    , \x -> case x of
            0 -> 0
            1 -> 1
            -1 -> 0
            2 -> 1
            -2 -> 0
            3 -> 1
            -3 -> 0
            4 -> 1
            ...
    , \x -> case x of
            0 -> 1
            _ -> 0
    , \_ -> 0
    , \x -> case x of
            0 -> 0
            1 -> -1
            -1 -> 0
            2 -> -1
            -2 -> 0
            3 -> -1
            -3 -> 0
            4 -> -1
            ...
    , \x -> case x of
            1 -> 1
            _ -> 0
    , \_ -> 0
    , \x -> case x of
            0 -> 0
            1 -> 0
            -1 -> 0
            2 -> 1
            -2 -> 0
            3 -> 1
            -3 -> 0
            4 -> 1
            ...
    , \_ -> 0
    ]
  , [ \_ -> 3
    , \x -> case x of
            0 -> 0
            1 -> 0
            -1 -> -2
            2 -> 0
            -2 -> -2
            3 -> 0
            -3 -> -2
            4 -> 0
            ...
    , \x -> case x of
            0 -> 0
            1 -> 0
            -1 -> 0
            2 -> 0
            -2 -> 2
            3 -> 0
            -3 -> 2
            4 -> 0
            ...
    , \x -> case x of
            0 -> 0
            1 -> 0
            -1 -> 0
            2 -> 0
            -2 -> 0
            3 -> 0
            -3 -> -1
            4 -> 0
            ...
    , \x -> case x of
            0 -> 0
            1 -> 0
            -1 -> 0
            2 -> 0
            -2 -> 0
            3 -> 0
            -3 -> 0
            4 -> 0
            ...
    , \_ -> 0
    , \x -> case x of
            -3 -> 1
            _ -> 0
    , \_ -> 0
    , \x -> case x of
            0 -> 0
            1 -> 0
            -1 -> 0
            2 -> 0
            -2 -> 1
            3 -> 0
            -3 -> 1
            4 -> 0
            ...
    , \x -> case x of
            -2 -> 1
            _ -> 0
    , \x -> case x of
            0 -> 0
            1 -> 0
            -1 -> 0
            2 -> 0
            -2 -> 0
            3 -> 0
            -3 -> 1
            4 -> 0
            ...
    , \_ -> 0
    , \x -> case x of
            -2 -> -1
            _ -> 0
    , \x -> case x of
            -2 -> 1
            _ -> 0
    , \_ -> 0
    , \_ -> 0
    , \_ -> 0
    , \x -> case x of
            0 -> 0
            1 -> 0
            -1 -> 1
            2 -> 0
            -2 -> -1
            3 -> 0
            -3 -> -1
            4 -> 0
            ...
    , \x -> case x of
            0 -> 0
            1 -> 0
            -1 -> 1
            2 -> 0
            -2 -> 0
            3 -> 0
            -3 -> 1
            4 -> 0
            ...
    , \x -> case x of
            -1 -> 1
            _ -> 0
    , \x -> case x of
            -1 -> 1
            -2 -> 1
            _ -> 0
    , \x -> case x of
            -1 -> 1
            _ -> 0
    , \x -> case x of
            0 -> 0
            1 -> 0
            -1 -> 0
            2 -> 0
            -2 -> -1
            3 -> 0
            -3 -> -1
            4 -> 0
            ...
    , \x -> case x of
            0 -> 0
            1 -> 0
            -1 -> 0
            2 -> 0
            -2 -> 0
            3 -> 0
            -3 -> 1
            4 -> 0
            ...
    , \_ -> 0
    , \x -> case x of
            -2 -> 1
            _ -> 0
    , \_ -> 0
    , \x -> case x of
            0 -> 0
            1 -> 0
            -1 -> -1
            2 -> 0
            -2 -> 1
            3 -> 0
            -3 -> 1
            4 -> 0
            ...
    , \x -> case x of
            -1 -> -1
            _ -> 0
    , \x -> case x of
            0 -> 0
            1 -> 0
            -1 -> 1
            2 -> 0
            -2 -> 1
            3 -> 0
            -3 -> 1
            4 -> 0
            ...
    , \x -> case x of
            -1 -> 1
            _ -> 0
    , \x -> case x of
            0 -> 0
            1 -> 0
            -1 -> 0
            2 -> 0
            -2 -> 1
            3 -> 0
            -3 -> 1
            4 -> 0
            ...
    , \_ -> 0
    , \x -> case x of
            0 -> 0
            1 -> 0
            -1 -> 0
            2 -> 0
            -2 -> 1
            3 -> 0
            -3 -> 1
            4 -> 0
            ...
    , \_ -> 0
    , \x -> case x of
            0 -> 0
            1 -> 0
            -1 -> 0
            2 -> 0
            -2 -> 1
            3 -> 0
            -3 -> 1
            4 -> 0
            ...
    , \_ -> 0
    , \x -> case x of
            -1 -> 2
            _ -> 0
    , \x -> case x of
            -1 -> -1
            _ -> 0
    , \_ -> 0
    , \_ -> 0
    , \x -> case x of
            -1 -> 1
            _ -> 0
    , \_ -> 0
    , \x -> case x of
            -1 -> 1
            _ -> 0
    , \_ -> 0
    , \x -> case x of
            -1 -> 1
            _ -> 0
    , \_ -> 0
    , \_ -> 0
    , \_ -> 0
    , \_ -> 0
    , \_ -> 0
    , \_ -> 0
    , \x -> case x of
            0 -> 1
            1 -> 1
            -1 -> 2
            2 -> 1
            -2 -> 2
            3 -> 1
            -3 -> 2
            4 -> 1
            ...
    , \x -> case x of
            0 -> 1
            1 -> 1
            -1 -> 0
            2 -> 1
            -2 -> -1
            3 -> 1
            -3 -> -1
            4 -> 1
            ...
    , \x -> case x of
            -1 -> 0
            -2 -> 0
            _ -> 1
    , \x -> case x of
            0 -> 1
            1 -> 1
            -1 -> 0
            2 -> 1
            -2 -> 0
            3 -> 1
            -3 -> 0
            4 -> 1
            ...
    , \x -> case x of
            0 -> 1
            1 -> 1
            -1 -> 0
            2 -> 1
            -2 -> 1
            3 -> 1
            -3 -> 0
            4 -> 1
            ...
    , \x -> case x of
            0 -> 1
            1 -> 1
            -1 -> 0
            2 -> 1
            -2 -> 0
            3 -> 1
            -3 -> 0
            4 -> 1
            ...
    , \_ -> 1
    , \x -> case x of
            0 -> 1
            1 -> 1
            -1 -> 1
            2 -> 1
            -2 -> 0
            3 -> 1
            -3 -> 0
            4 -> 1
            ...
    , \x -> case x of
            -1 -> 0
            _ -> 1
    , \x -> case x of
            0 -> 1
            1 -> 1
            -1 -> 0
            2 -> 1
            -2 -> 0
            3 -> 1
            -3 -> 0
            4 -> 1
            ...
    , \x -> case x of
            0 -> 1
            1 -> 1
            -1 -> -1
            2 -> 1
            -2 -> 0
            3 -> 1
            -3 -> 0
            4 -> 1
            ...
    , \x -> case x of
            0 -> 1
            1 -> 1
            -1 -> 1
            2 -> 1
            -2 -> 0
            3 -> 1
            -3 -> 0
            4 -> 1
            ...
    , \x -> case x of
            0 -> 1
            1 -> 1
            -1 -> 0
            2 -> 1
            -2 -> 0
            3 -> 1
            -3 -> 0
            4 -> 1
            ...
    , \x -> case x of
            0 -> 1
            1 -> 1
            -1 -> 0
            2 -> 1
            -2 -> 0
            3 -> 1
            -3 -> 0
            4 -> 1
            ...
    , \x -> case x of
            0 -> 1
            1 -> 1
            -1 -> 0
            2 -> 1
            -2 -> 0
            3 -> 1
            -3 -> 0
            4 -> 1
            ...
    , \x -> case x of
            0 -> 0
            1 -> 0
            -1 -> 2
            2 -> 0
            -2 -> 2
            3 -> 0
            -3 -> 2
            4 -> 0
            ...
    , \x -> case x of
            0 -> 0
            1 -> 0
            -1 -> 0
            2 -> 0
            -2 -> -1
            3 -> 0
            -3 -> -1
            4 -> 0
            ...
    , \x -> case x of
            0 -> 0
            1 -> 0
            -1 -> 0
            2 -> 0
            -2 -> 0
            3 -> 0
            -3 -> 1
            4 -> 0
            ...
    , \_ -> 0
    , \x -> case x of
            -2 -> 1
            _ -> 0
    , \_ -> 0
    , \x -> case x of
            0 -> 0
            1 -> 0
            -1 -> 1
            2 -> 0
            -2 -> 1
            3 -> 0
            -3 -> 1
            4 -> 0
            ...
    , \x -> case x of
            -1 -> 1
            _ -> 0
    , \x -> case x of
            0 -> 0
            1 -> 0
            -1 -> 0
            2 -> 0
            -2 -> 1
            3 -> 0
            -3 -> 1
            4 -> 0
            ...
    , \_ -> 0
    , \x -> case x of
            -1 -> -1
            _ -> 0
    , \x -> case x of
            -1 -> 1
            _ -> 0
    , \_ -> 0
    , \_ -> 0
    , \_ -> 0
    , \_ -> -1
    , \x -> case x of
            0 -> -1
            1 -> -1
            -1 -> 0
            2 -> -1
            -2 -> 1
            3 -> -1
            -3 -> 1
            4 -> -1
            ...
    , \x -> case x of
            0 -> -1
            1 -> -1
            -1 -> 0
            2 -> -1
            -2 -> 0
            3 -> -1
            -3 -> 0
            4 -> -1
            ...
    , \x -> case x of
            0 -> -1
            1 -> -1
            -1 -> 1
            2 -> -1
            -2 -> 0
            3 -> -1
            -3 -> 0
            4 -> -1
            ...
    , \x -> case x of
            0 -> -1
            1 -> -1
            -1 -> 0
            2 -> -1
            -2 -> 0
            3 -> -1
            -3 -> 0
            4 -> -1
            ...
    , \x -> case x of
            0 -> 1
            1 -> 0
            -1 -> -1
            2 -> 0
            -2 -> -1
            3 -> 0
            -3 -> -1
            4 -> 0
            ...
    , \x -> case x of
            0 -> 1
            1 -> 0
            -1 -> 0
            2 -> 0
            -2 -> 1
            3 -> 0
            -3 -> 1
            4 -> 0
            ...
    , \x -> case x of
            0 -> 1
            _ -> 0
    , \x -> case x of
            0 -> 1
            -1 -> 1
            _ -> 0
    , \x -> case x of
            0 -> 1
            _ -> 0
    , \x -> case x of
            0 -> 0
            1 -> 0
            -1 -> -1
            2 -> 0
            -2 -> -1
            3 -> 0
            -3 -> -1
            4 -> 0
            ...
    , \x -> case x of
            0 -> 0
            1 -> 0
            -1 -> 0
            2 -> 0
            -2 -> 1
            3 -> 0
            -3 -> 1
            4 -> 0
            ...
    , \_ -> 0
    , \x -> case x of
            -1 -> 1
            _ -> 0
    , \_ -> 0
    , \x -> case x of
            0 -> 0
            1 -> 1
            -1 -> -1
            2 -> 1
            -2 -> -1
            3 -> 1
            -3 -> -1
            4 -> 1
            ...
    , \x -> case x of
            0 -> 0
            -1 -> 0
            _ -> 1
    , \x -> case x of
            0 -> 0
            1 -> 1
            -1 -> 0
            2 -> 1
            -2 -> 0
            3 -> 1
            -3 -> 0
            4 -> 1
            ...
    , \x -> case x of
            0 -> 0
            1 -> 1
            -1 -> 1
            2 -> 1
            -2 -> 0
            3 -> 1
            -3 -> 0
            4 -> 1
            ...
    , \x -> case x of
            0 -> 0
            1 -> 1
            -1 -> 0
            2 -> 1
            -2 -> 0
            3 -> 1
            -3 -> 0
            4 -> 1
            ...
    , \x -> case x of
            0 -> 0
            1 -> 0
            -1 -> -1
            2 -> 0
            -2 -> -1
            3 -> 0
            -3 -> -1
            4 -> 0
            ...
    , \x -> case x of
            0 -> 0
            1 -> 0
            -1 -> 0
            2 -> 0
            -2 -> 1
            3 -> 0
            -3 -> 1
            4 -> 0
            ...
    , \_ -> 0
    , \x -> case x of
            -1 -> 1
            _ -> 0
    , \_ -> 0
    , \x -> case x of
            0 -> 2
            1 -> 2
            -1 -> 1
            2 -> 2
            -2 -> 1
            3 -> 2
            -3 -> 1
            4 -> 2
            ...
    , \x -> case x of
            0 -> 2
            1 -> 2
            -1 -> 0
            2 -> 2
            -2 -> 0
            3 -> 2
            -3 -> 0
            4 -> 2
            ...
    , \x -> case x of
            0 -> -1
            1 -> 0
            -1 -> 1
            2 -> 0
            -2 -> 1
            3 -> 0
            -3 -> 1
            4 -> 0
            ...
    , \x -> case x of
            0 -> -1
            _ -> 0
    , \x -> case x of
            0 -> 0
            1 -> 0
            -1 -> 1
            2 -> 0
            -2 -> 1
            3 -> 0
            -3 -> 1
            4 -> 0
            ...
    , \_ -> 0
    , \x -> case x of
            0 -> 0
            1 -> 0
            -1 -> 1
            2 -> 0
            -2 -> 1
            3 -> 0
            -3 -> 1
            4 -> 0
            ...
    , \_ -> 0
    , \x -> case x of
            0 -> 1
            1 -> 0
            -1 -> 1
            2 -> 0
            -2 -> 1
            3 -> 0
            -3 -> 1
            4 -> 0
            ...
    , \x -> case x of
            0 -> 1
            _ -> 0
    , \x -> case x of
            0 -> 0
            1 -> 0
            -1 -> 1
            2 -> 0
            -2 -> 1
            3 -> 0
            -3 -> 1
            4 -> 0
            ...
    , \_ -> 0
    , \_ -> 1
    , \x -> case x of
            0 -> 1
            1 -> 1
            -1 -> 0
            2 -> 1
            -2 -> 0
            3 -> 1
            -3 -> 0
            4 -> 1
            ...
    , \x -> case x of
            0 -> 0
            _ -> 1
    , \x -> case x of
            0 -> 0
            1 -> 1
            -1 -> 0
            2 -> 1
            -2 -> 0
            3 -> 1
            -3 -> 0
            4 -> 1
            ...
    , \x -> case x of
            0 -> 1
            1 -> 0
            -1 -> 1
            2 -> 0
            -2 -> 1
            3 -> 0
            -3 -> 1
            4 -> 0
            ...
    , \x -> case x of
            0 -> 1
            _ -> 0
    , \x -> case x of
            0 -> 0
            1 -> 0
            -1 -> 1
            2 -> 0
            -2 -> 1
            3 -> 0
            -3 -> 1
            4 -> 0
            ...
    , \_ -> 0
    , \x -> case x of
            0 -> 0
            1 -> -1
            -1 -> 1
            2 -> -1
            -2 -> 1
            3 -> -1
            -3 -> 1
            4 -> -1
            ...
    , \x -> case x of
            0 -> 0
            1 -> -1
            -1 -> 0
            2 -> -1
            -2 -> 0
            3 -> -1
            -3 -> 0
            4 -> -1
            ...
    , \x -> case x of
            0 -> 0
            1 -> 1
            -1 -> 1
            2 -> 0
            -2 -> 1
            3 -> 0
            -3 -> 1
            4 -> 0
            ...
    , \x -> case x of
            1 -> 1
            _ -> 0
    , \x -> case x of
            0 -> 0
            1 -> 0
            -1 -> 1
            2 -> 0
            -2 -> 1
            3 -> 0
            -3 -> 1
            4 -> 0
            ...
    , \_ -> 0
    , \x -> case x of
            0 -> 0
            1 -> 0
            _ -> 1
    , \x -> case x of
            0 -> 0
            1 -> 0
            -1 -> 0
            2 -> 1
            -2 -> 0
            3 -> 1
            -3 -> 0
            4 -> 1
            ...
    , \x -> case x of
            0 -> 0
            1 -> 0
            -1 -> 1
            2 -> 0
            -2 -> 1
            3 -> 0
            -3 -> 1
            4 -> 0
            ...
    , \_ -> 0
    , \x -> case x of
            0 -> -2
            1 -> -2
            -1 -> 0
            2 -> -2
            -2 -> 0
            3 -> -2
            -3 -> 0
            4 -> -2
            ...
    , \x -> case x of
            0 -> 2
            _ -> 0
    , \_ -> 0
    , \_ -> 0
    , \_ -> 0
    , \_ -> 0
    , \_ -> 0
    , \x -> case x of
            0 -> 1
            _ -> 0
    , \x -> case x of
            0 -> 1
            _ -> 0
    , \_ -> 0
    , \_ -> 0
    , \x -> case x of
            0 -> -1
            _ -> 0
    , \x -> case x of
            0 -> 1
            _ -> 0
    , \_ -> 0
    , \_ -> 0
    , \_ -> 0
    , \x -> case x of
            0 -> -1
            1 -> 1
            -1 -> 0
            2 -> 1
            -2 -> 0
            3 -> 1
            -3 -> 0
            4 -> 1
            ...
    , \x -> case x of
            0 -> 0
            1 -> 1
            -1 -> 0
            2 -> 1
            -2 -> 0
            3 -> 1
            -3 -> 0
            4 -> 1
            ...
    , \x -> case x of
            0 -> 0
            1 -> 1
            -1 -> 0
            2 -> 1
            -2 -> 0
            3 -> 1
            -3 -> 0
            4 -> 1
            ...
    , \x -> case x of
            0 -> 1
            1 -> 1
            -1 -> 0
            2 -> 1
            -2 -> 0
            3 -> 1
            -3 -> 0
            4 -> 1
            ...
    , \x -> case x of
            0 -> 0
            1 -> 1
            -1 -> 0
            2 -> 1
            -2 -> 0
            3 -> 1
            -3 -> 0
            4 -> 1
            ...
    , \x -> case x of
            0 -> -1
            _ -> 0
    , \_ -> 0
    , \_ -> 0
    , \x -> case x of
            0 -> 1
            _ -> 0
    , \_ -> 0
    , \x -> case x of
            0 -> 1
            1 -> -1
            -1 -> 0
            2 -> -1
            -2 -> 0
            3 -> -1
            -3 -> 0
            4 -> -1
            ...
    , \x -> case x of
            0 -> 0
            1 -> -1
            -1 -> 0
            2 -> -1
            -2 -> 0
            3 -> -1
            -3 -> 0
            4 -> -1
            ...
    , \x -> case x of
            0 -> 1
            1 -> 1
            _ -> 0
    , \x -> case x of
            1 -> 1
            _ -> 0
    , \x -> case x of
            0 -> 1
            _ -> 0
    , \_ -> 0
    , \x -> case x of
            0 -> 1
            1 -> 0
            -1 -> 0
            2 -> 1
            -2 -> 0
            3 -> 1
            -3 -> 0
            4 -> 1
            ...
    , \x -> case x of
            0 -> 0
            1 -> 0
            -1 -> 0
            2 -> 1
            -2 -> 0
            3 -> 1
            -3 -> 0
            4 -> 1
            ...
    , \x -> case x of
            0 -> 1
            _ -> 0
    , \_ -> 0
    , \x -> case x of
            0 -> 0
            1 -> 2
            -1 -> 0
            2 -> 2
            -2 -> 0
            3 -> 2
            -3 -> 0
            4 -> 2
            ...
    , \x -> case x of
            1 -> -1
            _ -> 0
    , \_ -> 0
    , \_ -> 0
    , \x -> case x of
            1 -> 1
            _ -> 0
    , \_ -> 0
    , \x -> case x of
            0 -> 0
            1 -> 1
            -1 -> 0
            2 -> 1
            -2 -> 0
            3 -> 1
            -3 -> 0
            4 -> 1
            ...
    , \x -> case x of
            0 -> 0
            1 -> 0
            -1 -> 0
            2 -> 1
            -2 -> 0
            3 -> 1
            -3 -> 0
            4 -> 1
            ...
    , \x -> case x of
            1 -> 1
            _ -> 0
    , \_ -> 0
    , \x -> case x of
            0 -> 0
            1 -> 0
            -1 -> 0
            2 -> -1
            -2 -> 0
            3 -> -1
            -3 -> 0
            4 -> -1
            ...
    , \x -> case x of
            2 -> 1
            _ -> 0
    , \_ -> 0
    , \x -> case x of
            0 -> 0
            1 -> 0
            -1 -> 0
            2 -> 0
            -2 -> 0
            3 -> 1
            -3 -> 0
            4 -> 1
            ...
    , \_ -> 0
    ]
  , ...
  ]
