map length (tiers :: [[ Bool->Bool ]])  =  [4]

length (list :: [ Bool->Bool ])  =  4

allUnique (list :: [ Bool->Bool ])  =  True

ratioRepetitions (list :: [ Bool->Bool ])  =  0 % 1

tiers :: [Bool->Bool]  =
  [ [ const False
    , not
    , id
    , const True
    ]
  ]
