map length (tiers :: [[ Int->Bool->Bool ]])  =  [0]

length (list :: [ Int->Bool->Bool ])  =  0

allUnique (list :: [ Int->Bool->Bool ])  =  True

ratioRepetitions (list :: [ Int->Bool->Bool ])  =  0 % 1

tiers :: [Int->Bool->Bool]  =
  [[]]
