map length (tiers :: [[ Nat2->Nat2 ]])  =  [2,4,2]

length (list :: [ Nat2->Nat2 ])  =  8

allUnique (list :: [ Nat2->Nat2 ])  =  False

ratioRepetitions (list :: [ Nat2->Nat2 ])  =  1 % 2

tiers :: [Nat2->Nat2]  =
  [ [ \x -> case x of
            _ -> 0
    , \x -> case x of
            _ -> 0
    ]
  , [ \x -> case x of
            0 -> 0
            1 -> 1
    , \x -> case x of
            0 -> 1
            1 -> 0
    , \x -> case x of
            0 -> 0
            1 -> 1
    , \x -> case x of
            0 -> 1
            1 -> 0
    ]
  , [ \x -> case x of
            _ -> 1
    , \x -> case x of
            _ -> 1
    ]
  ]
