map length (tiers :: [[ [Int]->[Int] ]])  =  [2,3,10,31,...]

length (list :: [ [Int]->[Int] ])  =  Infinity

allUnique (list :: [ [Int]->[Int] ])  =  False

ratioRepetitions (list :: [ [Int]->[Int] ])  =  13 % 23

tiers :: [[Int]->[Int]]  =
  [ [ \x -> case x of
              [] -> []
              [0] -> []
              [0,0] -> []
              [1] -> []
              [0,0,0] -> []
              [0,1] -> []
              [1,0] -> []
              [-1] -> []
              ...
    , \x -> case x of
              [] -> []
              [0] -> []
              [0,0] -> []
              [1] -> []
              [0,0,0] -> []
              [0,1] -> []
              [1,0] -> []
              [-1] -> []
              ...
    ]
  , [ \x -> case x of
              [] -> [0]
              [0] -> [0]
              [0,0] -> [0]
              [1] -> [0]
              [0,0,0] -> [0]
              [0,1] -> [0]
              [1,0] -> [0]
              [-1] -> [0]
              ...
    , \x -> case x of
              [] -> [0]
              [0] -> [0]
              [0,0] -> [0]
              [1] -> [0]
              [0,0,0] -> [0]
              [0,1] -> [0]
              [1,0] -> [0]
              [-1] -> [0]
              ...
    , \x -> case x of
              [] -> []
              [0] -> []
              [0,0] -> []
              [1] -> []
              [0,0,0] -> []
              [0,1] -> []
              [1,0] -> []
              [-1] -> []
              ...
    ]
  , [ \x -> case x of
              [] -> [0]
              [0] -> []
              [0,0] -> []
              [1] -> []
              [0,0,0] -> []
              [0,1] -> []
              [1,0] -> []
              [-1] -> []
              ...
    , \x -> case x of
              [] -> []
              [0] -> [0]
              [0,0] -> [0]
              [1] -> [0]
              [0,0,0] -> [0]
              [0,1] -> [0]
              [1,0] -> [0]
              [-1] -> [0]
              ...
    , \x -> case x of
              [] -> [0,0]
              [0] -> [0,0]
              [0,0] -> [0,0]
              [1] -> [0,0]
              [0,0,0] -> [0,0]
              [0,1] -> [0,0]
              [1,0] -> [0,0]
              [-1] -> [0,0]
              ...
    , \x -> case x of
              [] -> [1]
              [0] -> [1]
              [0,0] -> [1]
              [1] -> [1]
              [0,0,0] -> [1]
              [0,1] -> [1]
              [1,0] -> [1]
              [-1] -> [1]
              ...
    , \x -> case x of
              [] -> [0,0]
              [0] -> [0,0]
              [0,0] -> [0,0]
              [1] -> [0,0]
              [0,0,0] -> [0,0]
              [0,1] -> [0,0]
              [1,0] -> [0,0]
              [-1] -> [0,0]
              ...
    , \x -> case x of
              [] -> [1]
              [0] -> [1]
              [0,0] -> [1]
              [1] -> [1]
              [0,0,0] -> [1]
              [0,1] -> [1]
              [1,0] -> [1]
              [-1] -> [1]
              ...
    , \x -> case x of
              [] -> []
              [0] -> [0]
              [0,0] -> [0]
              [1] -> [0]
              [0,0,0] -> [0]
              [0,1] -> [0]
              [1,0] -> [0]
              [-1] -> [0]
              ...
    , \x -> case x of
              [] -> []
              [0] -> []
              [0,0] -> []
              [1] -> []
              [0,0,0] -> []
              [0,1] -> []
              [1,0] -> []
              [-1] -> []
              ...
    , \x -> case x of
              [] -> []
              [0] -> []
              [0,0] -> []
              [1] -> []
              [0,0,0] -> []
              [0,1] -> []
              [1,0] -> []
              [-1] -> []
              ...
    , \x -> case x of
              [] -> [0]
              [0] -> []
              [0,0] -> []
              [1] -> []
              [0,0,0] -> []
              [0,1] -> []
              [1,0] -> []
              [-1] -> []
              ...
    ]
  , [ \x -> case x of
              [] -> [0,0]
              [0] -> []
              [0,0] -> []
              [1] -> []
              [0,0,0] -> []
              [0,1] -> []
              [1,0] -> []
              [-1] -> []
              ...
    , \x -> case x of
              [] -> [1]
              [0] -> []
              [0,0] -> []
              [1] -> []
              [0,0,0] -> []
              [0,1] -> []
              [1,0] -> []
              [-1] -> []
              ...
    , \x -> case x of
              [] -> []
              [0] -> [0]
              [0,0] -> []
              [1] -> []
              [0,0,0] -> []
              [0,1] -> []
              [1,0] -> []
              [-1] -> []
              ...
    , \x -> case x of
              [] -> [0]
              [0] -> []
              [0,0] -> [0]
              [1] -> [0]
              [0,0,0] -> [0]
              [0,1] -> [0]
              [1,0] -> [0]
              [-1] -> [0]
              ...
    , \x -> case x of
              [] -> []
              [0] -> [0,0]
              [0,0] -> [0,0]
              [1] -> [0,0]
              [0,0,0] -> [0,0]
              [0,1] -> [0,0]
              [1,0] -> [0,0]
              [-1] -> [0,0]
              ...
    , \x -> case x of
              [] -> []
              [0] -> [1]
              [0,0] -> [1]
              [1] -> [1]
              [0,0,0] -> [1]
              [0,1] -> [1]
              [1,0] -> [1]
              [-1] -> [1]
              ...
    , \x -> case x of
              [] -> [0,0,0]
              [0] -> [0,0,0]
              [0,0] -> [0,0,0]
              [1] -> [0,0,0]
              [0,0,0] -> [0,0,0]
              [0,1] -> [0,0,0]
              [1,0] -> [0,0,0]
              [-1] -> [0,0,0]
              ...
    , \x -> case x of
              [] -> [0,1]
              [0] -> [0,1]
              [0,0] -> [0,1]
              [1] -> [0,1]
              [0,0,0] -> [0,1]
              [0,1] -> [0,1]
              [1,0] -> [0,1]
              [-1] -> [0,1]
              ...
    , \x -> case x of
              [] -> [1,0]
              [0] -> [1,0]
              [0,0] -> [1,0]
              [1] -> [1,0]
              [0,0,0] -> [1,0]
              [0,1] -> [1,0]
              [1,0] -> [1,0]
              [-1] -> [1,0]
              ...
    , \x -> case x of
              [] -> [-1]
              [0] -> [-1]
              [0,0] -> [-1]
              [1] -> [-1]
              [0,0,0] -> [-1]
              [0,1] -> [-1]
              [1,0] -> [-1]
              [-1] -> [-1]
              ...
    , \x -> case x of
              [] -> [0,0,0]
              [0] -> [0,0,0]
              [0,0] -> [0,0,0]
              [1] -> [0,0,0]
              [0,0,0] -> [0,0,0]
              [0,1] -> [0,0,0]
              [1,0] -> [0,0,0]
              [-1] -> [0,0,0]
              ...
    , \x -> case x of
              [] -> [0,1]
              [0] -> [0,1]
              [0,0] -> [0,1]
              [1] -> [0,1]
              [0,0,0] -> [0,1]
              [0,1] -> [0,1]
              [1,0] -> [0,1]
              [-1] -> [0,1]
              ...
    , \x -> case x of
              [] -> [1,0]
              [0] -> [1,0]
              [0,0] -> [1,0]
              [1] -> [1,0]
              [0,0,0] -> [1,0]
              [0,1] -> [1,0]
              [1,0] -> [1,0]
              [-1] -> [1,0]
              ...
    , \x -> case x of
              [] -> [-1]
              [0] -> [-1]
              [0,0] -> [-1]
              [1] -> [-1]
              [0,0,0] -> [-1]
              [0,1] -> [-1]
              [1,0] -> [-1]
              [-1] -> [-1]
              ...
    , \x -> case x of
              [] -> []
              [0] -> [0,0]
              [0,0] -> [0,0]
              [1] -> [0,0]
              [0,0,0] -> [0,0]
              [0,1] -> [0,0]
              [1,0] -> [0,0]
              [-1] -> [0,0]
              ...
    , \x -> case x of
              [] -> []
              [0] -> [1]
              [0,0] -> [1]
              [1] -> [1]
              [0,0,0] -> [1]
              [0,1] -> [1]
              [1,0] -> [1]
              [-1] -> [1]
              ...
    , \x -> case x of
              [] -> []
              [0] -> []
              [0,0] -> [0]
              [1] -> []
              [0,0,0] -> [0]
              [0,1] -> [0]
              [1,0] -> [0]
              [-1] -> []
              ...
    , \x -> case x of
              [] -> []
              [0] -> []
              [0,0] -> []
              [1] -> []
              [0,0,0] -> []
              [0,1] -> []
              [1,0] -> []
              [-1] -> []
              ...
    , \x -> case x of
              [] -> []
              [0] -> []
              [0,0] -> []
              [1] -> []
              [0,0,0] -> []
              [0,1] -> []
              [1,0] -> []
              [-1] -> []
              ...
    , \x -> case x of
              [] -> []
              [0] -> [0]
              [0,0] -> []
              [1] -> [0]
              [0,0,0] -> []
              [0,1] -> []
              [1,0] -> []
              [-1] -> [0]
              ...
    , \x -> case x of
              [] -> []
              [0] -> []
              [0,0] -> []
              [1] -> []
              [0,0,0] -> []
              [0,1] -> []
              [1,0] -> []
              [-1] -> [0]
              ...
    , \x -> case x of
              [] -> []
              [0] -> []
              [0,0] -> []
              [1] -> []
              [0,0,0] -> []
              [0,1] -> []
              [1,0] -> []
              [-1] -> []
              ...
    , \x -> case x of
              [] -> []
              [0] -> []
              [0,0] -> []
              [1] -> []
              [0,0,0] -> []
              [0,1] -> []
              [1,0] -> []
              [-1] -> []
              ...
    , \x -> case x of
              [] -> []
              [0] -> [0]
              [0,0] -> [0]
              [1] -> [0]
              [0,0,0] -> [0]
              [0,1] -> [0]
              [1,0] -> [0]
              [-1] -> []
              ...
    , \x -> case x of
              [] -> []
              [0] -> []
              [0,0] -> []
              [1] -> []
              [0,0,0] -> []
              [0,1] -> []
              [1,0] -> []
              [-1] -> []
              ...
    , \x -> case x of
              [] -> []
              [0] -> []
              [0,0] -> []
              [1] -> []
              [0,0,0] -> []
              [0,1] -> []
              [1,0] -> []
              [-1] -> []
              ...
    , \x -> case x of
              [] -> [0]
              [0] -> [0]
              [0,0] -> [0]
              [1] -> [0]
              [0,0,0] -> [0]
              [0,1] -> [0]
              [1,0] -> [0]
              [-1] -> [0]
              ...
    , \x -> case x of
              [] -> [0]
              [0] -> []
              [0,0] -> []
              [1] -> []
              [0,0,0] -> []
              [0,1] -> []
              [1,0] -> []
              [-1] -> []
              ...
    , \x -> case x of
              [] -> [0]
              [0] -> []
              [0,0] -> []
              [1] -> []
              [0,0,0] -> []
              [0,1] -> []
              [1,0] -> []
              [-1] -> []
              ...
    , \x -> case x of
              [] -> [0,0]
              [0] -> []
              [0,0] -> []
              [1] -> []
              [0,0,0] -> []
              [0,1] -> []
              [1,0] -> []
              [-1] -> []
              ...
    , \x -> case x of
              [] -> [1]
              [0] -> []
              [0,0] -> []
              [1] -> []
              [0,0,0] -> []
              [0,1] -> []
              [1,0] -> []
              [-1] -> []
              ...
    ]
  , ...
  ]
