map length (tiers :: [[ Bag Nat ]])  =  [1,1,2,3,5,7,11,15,22,30,42,56,...]

length (list :: [ Bag Nat ])  =  Infinity

allUnique (list :: [ Bag Nat ])  =  True

ratioRepetitions (list :: [ Bag Nat ])  =  0 % 1

tiers :: [Bag Nat]  =
  [ [[]]
  , [[0]]
  , [ [0,0]
    , [1]
    ]
  , [ [0,0,0]
    , [0,1]
    , [2]
    ]
  , [ [0,0,0,0]
    , [0,0,1]
    , [0,2]
    , [1,1]
    , [3]
    ]
  , [ [0,0,0,0,0]
    , [0,0,0,1]
    , [0,0,2]
    , [0,1,1]
    , [0,3]
    , [1,2]
    , [4]
    ]
  , [ [0,0,0,0,0,0]
    , [0,0,0,0,1]
    , [0,0,0,2]
    , [0,0,1,1]
    , [0,0,3]
    , [0,1,2]
    , [0,4]
    , [1,1,1]
    , [1,3]
    , [2,2]
    , [5]
    ]
  , [ [0,0,0,0,0,0,0]
    , [0,0,0,0,0,1]
    , [0,0,0,0,2]
    , [0,0,0,1,1]
    , [0,0,0,3]
    , [0,0,1,2]
    , [0,0,4]
    , [0,1,1,1]
    , [0,1,3]
    , [0,2,2]
    , [0,5]
    , [1,1,2]
    , [1,4]
    , [2,3]
    , [6]
    ]
  , [ [0,0,0,0,0,0,0,0]
    , [0,0,0,0,0,0,1]
    , [0,0,0,0,0,2]
    , [0,0,0,0,1,1]
    , [0,0,0,0,3]
    , [0,0,0,1,2]
    , [0,0,0,4]
    , [0,0,1,1,1]
    , [0,0,1,3]
    , [0,0,2,2]
    , [0,0,5]
    , [0,1,1,2]
    , [0,1,4]
    , [0,2,3]
    , [0,6]
    , [1,1,1,1]
    , [1,1,3]
    , [1,2,2]
    , [1,5]
    , [2,4]
    , [3,3]
    , [7]
    ]
  , [ [0,0,0,0,0,0,0,0,0]
    , [0,0,0,0,0,0,0,1]
    , [0,0,0,0,0,0,2]
    , [0,0,0,0,0,1,1]
    , [0,0,0,0,0,3]
    , [0,0,0,0,1,2]
    , [0,0,0,0,4]
    , [0,0,0,1,1,1]
    , [0,0,0,1,3]
    , [0,0,0,2,2]
    , [0,0,0,5]
    , [0,0,1,1,2]
    , [0,0,1,4]
    , [0,0,2,3]
    , [0,0,6]
    , [0,1,1,1,1]
    , [0,1,1,3]
    , [0,1,2,2]
    , [0,1,5]
    , [0,2,4]
    , [0,3,3]
    , [0,7]
    , [1,1,1,2]
    , [1,1,4]
    , [1,2,3]
    , [1,6]
    , [2,2,2]
    , [2,5]
    , [3,4]
    , [8]
    ]
  , [ [0,0,0,0,0,0,0,0,0,0]
    , [0,0,0,0,0,0,0,0,1]
    , [0,0,0,0,0,0,0,2]
    , [0,0,0,0,0,0,1,1]
    , [0,0,0,0,0,0,3]
    , [0,0,0,0,0,1,2]
    , [0,0,0,0,0,4]
    , [0,0,0,0,1,1,1]
    , [0,0,0,0,1,3]
    , [0,0,0,0,2,2]
    , [0,0,0,0,5]
    , [0,0,0,1,1,2]
    , [0,0,0,1,4]
    , [0,0,0,2,3]
    , [0,0,0,6]
    , [0,0,1,1,1,1]
    , [0,0,1,1,3]
    , [0,0,1,2,2]
    , [0,0,1,5]
    , [0,0,2,4]
    , [0,0,3,3]
    , [0,0,7]
    , [0,1,1,1,2]
    , [0,1,1,4]
    , [0,1,2,3]
    , [0,1,6]
    , [0,2,2,2]
    , [0,2,5]
    , [0,3,4]
    , [0,8]
    , [1,1,1,1,1]
    , [1,1,1,3]
    , [1,1,2,2]
    , [1,1,5]
    , [1,2,4]
    , [1,3,3]
    , [1,7]
    , [2,2,3]
    , [2,6]
    , [3,5]
    , [4,4]
    , [9]
    ]
  , [ [0,0,0,0,0,0,0,0,0,0,0]
    , [0,0,0,0,0,0,0,0,0,1]
    , [0,0,0,0,0,0,0,0,2]
    , [0,0,0,0,0,0,0,1,1]
    , [0,0,0,0,0,0,0,3]
    , [0,0,0,0,0,0,1,2]
    , [0,0,0,0,0,0,4]
    , [0,0,0,0,0,1,1,1]
    , [0,0,0,0,0,1,3]
    , [0,0,0,0,0,2,2]
    , [0,0,0,0,0,5]
    , [0,0,0,0,1,1,2]
    , [0,0,0,0,1,4]
    , [0,0,0,0,2,3]
    , [0,0,0,0,6]
    , [0,0,0,1,1,1,1]
    , [0,0,0,1,1,3]
    , [0,0,0,1,2,2]
    , [0,0,0,1,5]
    , [0,0,0,2,4]
    , [0,0,0,3,3]
    , [0,0,0,7]
    , [0,0,1,1,1,2]
    , [0,0,1,1,4]
    , [0,0,1,2,3]
    , [0,0,1,6]
    , [0,0,2,2,2]
    , [0,0,2,5]
    , [0,0,3,4]
    , [0,0,8]
    , [0,1,1,1,1,1]
    , [0,1,1,1,3]
    , [0,1,1,2,2]
    , [0,1,1,5]
    , [0,1,2,4]
    , [0,1,3,3]
    , [0,1,7]
    , [0,2,2,3]
    , [0,2,6]
    , [0,3,5]
    , [0,4,4]
    , [0,9]
    , [1,1,1,1,2]
    , [1,1,1,4]
    , [1,1,2,3]
    , [1,1,6]
    , [1,2,2,2]
    , [1,2,5]
    , [1,3,4]
    , [1,8]
    , [2,2,4]
    , [2,3,3]
    , [2,7]
    , [3,6]
    , [4,5]
    , [10]
    ]
  , ...
  ]
